// Jest Snapshot v1, https://goo.gl/fbAQLP

exports[`pages/Layout/Logo adds logoMini class without sideBarOpen 1`] = `
<a
  href="/"
  onClick={[Function]}
/>
`;

exports[`pages/Layout/Logo renders correctly with sideBarOpen 1`] = `
<a
  href="/"
  onClick={[Function]}
/>
`;
