// Jest Snapshot v1, https://goo.gl/fbAQLP

exports[`pages/Home renders correctly 1`] = `null`;
