// Jest Snapshot v1, https://goo.gl/fbAQLP

exports[`components/common/PrivateRoute renders correctly when logged in 1`] = `<div />`;

exports[`components/common/PrivateRoute renders correctly when logged out 1`] = `null`;
