// Jest Snapshot v1, https://goo.gl/fbAQLP

exports[`containers/layout/Version should return the version 1`] = `
Object {
  "version": Object {
    "api": "1.1.2",
    "flexget": "2.10.11",
    "latest": "2.10.60",
  },
}
`;
