// Jest Snapshot v1, https://goo.gl/fbAQLP

exports[`reducers/version should get version on GET_VERSION 1`] = `
Object {
  "api": "1.1.2",
  "flexget": "2.10.11",
  "latest": "2.10.60",
}
`;

exports[`reducers/version should return the initial state 1`] = `Object {}`;
