// Jest Snapshot v1, https://goo.gl/fbAQLP

exports[`pages/Layout/Navbar renders correctly 1`] = `null`;
