// Jest Snapshot v1, https://goo.gl/fbAQLP

exports[`reducers/history should return the initial state 1`] = `
Object {
  "items": Array [],
  "totalCount": 0,
}
`;

exports[`reducers/history should store history on GET_HISTORY 1`] = `
Object {
  "items": Array [
    Object {
      "an": "object",
    },
  ],
  "totalCount": 1,
}
`;
