// Jest Snapshot v1, https://goo.gl/fbAQLP

exports[`components/login/LoginCard renders correctly 1`] = `
.c0 {
  max-width: 40rem;
  margin: 0 1rem;
}

.c2 {
  color: #f44336;
  text-align: center;
  padding: 1rem;
}

.c4 {
  width: 100%;
}

.c1 {
  display: -webkit-box;
  display: -webkit-flex;
  display: -ms-flexbox;
  display: flex;
  -webkit-flex-direction: column;
  -ms-flex-direction: column;
  flex-direction: column;
}

.c3 {
  padding-bottom: 1rem;
}

@media (min-width:600px) {
  .c0 {
    margin: 0 auto;
  }
}

<div
  className="MuiPaper-root-1 MuiPaper-shadow2-5 MuiPaper-rounded-2 c0"
>
  <form
    onSubmit={[Function]}
  >
    <div
      className="MuiCardContent-root-28 c1"
    >
      <div
        className="c2"
      />
      <div
        className="MuiFormControl-root-29 c3"
        onBlur={[Function]}
        onChange={[Function]}
        onDragStart={[Function]}
        onDrop={[Function]}
        onFocus={[Function]}
        required={false}
      >
        <label
          className="MuiFormLabel-root-38 MuiInputLabel-root-33 MuiInputLabel-formControl-34 MuiInputLabel-animated-36"
          htmlFor="username"
        >
          Username
        </label>
        <div
          className="MuiInput-root-42 MuiInput-formControl-43 MuiInput-inkbar-44 MuiInput-underline-50"
        >
          <input
            aria-required={undefined}
            autoComplete={undefined}
            autoFocus={undefined}
            className="MuiInput-input-46 MuiInput-inputSingleline-53"
            defaultValue={undefined}
            disabled={false}
            id="username"
            name="username"
            onBlur={[Function]}
            onChange={[Function]}
            onFocus={[Function]}
            onKeyDown={undefined}
            onKeyUp={undefined}
            placeholder={undefined}
            rows={undefined}
            type="text"
            value=""
          />
        </div>
      </div>
      <div
        className="MuiFormControl-root-29 c3"
        onBlur={[Function]}
        onChange={[Function]}
        onDragStart={[Function]}
        onDrop={[Function]}
        onFocus={[Function]}
        required={false}
      >
        <label
          className="MuiFormLabel-root-38 MuiInputLabel-root-33 MuiInputLabel-formControl-34 MuiInputLabel-animated-36"
          htmlFor="password"
        >
          Password
        </label>
        <div
          className="MuiInput-root-42 MuiInput-formControl-43 MuiInput-inkbar-44 MuiInput-underline-50"
        >
          <input
            aria-required={undefined}
            autoComplete={undefined}
            autoFocus={undefined}
            className="MuiInput-input-46 MuiInput-inputSingleline-53"
            defaultValue={undefined}
            disabled={false}
            id="password"
            name="password"
            onBlur={[Function]}
            onChange={[Function]}
            onFocus={[Function]}
            onKeyDown={undefined}
            onKeyUp={undefined}
            placeholder={undefined}
            rows={undefined}
            type="Password"
            value=""
          />
        </div>
      </div>
    </div>
    <div
      className="MuiCardActions-root-56"
    >
      <button
        className="MuiButtonBase-root-72 MuiButton-root-58 MuiCardActions-actionSpacing-57 c4"
        disabled={false}
        onBlur={[Function]}
        onFocus={[Function]}
        onKeyDown={[Function]}
        onKeyUp={[Function]}
        onMouseDown={[Function]}
        onMouseLeave={[Function]}
        onMouseUp={[Function]}
        onTouchEnd={[Function]}
        onTouchStart={[Function]}
        role="button"
        tabIndex="0"
        type="submit"
      >
        <span
          className="MuiButton-label-60"
        >
          Login
        </span>
        <span
          className="MuiTouchRipple-root-74"
        />
      </button>
    </div>
  </form>
</div>
`;
