// Jest Snapshot v1, https://goo.gl/fbAQLP

exports[`pages/Layout/Version Version renders correctly with latest version 1`] = `null`;

exports[`pages/Layout/Version Version renders correctly without latest version 1`] = `null`;

exports[`pages/Layout/Version mapStateToProps should return the version 1`] = `
Object {
  "version": Object {
    "api": "1.1.2",
    "flexget": "2.10.11",
    "latest": "2.10.60",
  },
}
`;
