// Jest Snapshot v1, https://goo.gl/fbAQLP

exports[`pages/Home/InfoCard renders correctly 1`] = `null`;
