// Jest Snapshot v1, https://goo.gl/fbAQLP

exports[`containers/log/Header should return the right stuff 1`] = `
Object {
  "connected": true,
}
`;
