// Jest Snapshot v1, https://goo.gl/fbAQLP

exports[`containers/log/LogTable should return the right stuff 1`] = `
Object {
  "messages": Array [],
}
`;
