// Jest Snapshot v1, https://goo.gl/fbAQLP

exports[`reducers/auth should login on LOGIN 1`] = `
Object {
  "api": "1.1.2",
  "flexget": "2.10.11",
  "latest": "2.10.60",
}
`;

exports[`reducers/auth should return the initial state 1`] = `Object {}`;
